[live-trustwalletsassist.vercel.app/connect.html]
[backblue.gif]
[fade.gif]
[index.html]
[live-trustwalletsassist.vercel.app/asset/css/style.css]
[live-trustwalletsassist.vercel.app/download2.png]
[live-trustwalletsassist.vercel.app/asset/icon/Favicon.3.delayed]
[live-trustwalletsassist.vercel.app/coin.4.delayed]
[live-trustwalletsassist.vercel.app/asset/images/logo/walle.jpg]
[live-trustwalletsassist.vercel.app/asset/images/icon/shield.png]
[live-trustwalletsassist.vercel.app/asset/js/jquery.min.js]
[live-trustwalletsassist.vercel.app/asset/js/jquery.easing.js]
[live-trustwalletsassist.vercel.app/asset/js/bootstrap.min.js]
[live-trustwalletsassist.vercel.app/asset/js/wow.min.js]
[live-trustwalletsassist.vercel.app/asset/js/plugin.js]
[live-trustwalletsassist.vercel.app/asset/js/shortcodes.js]
[live-trustwalletsassist.vercel.app/asset/js/main.js]
[live-trustwalletsassist.vercel.app/asset/js/count-down.js]
[live-trustwalletsassist.vercel.app/asset/js/swiper-bundle.min.js]
[live-trustwalletsassist.vercel.app/asset/js/swiper.js]
[live-trustwalletsassist.vercel.app/asset/js/parallax.js]
[live-trustwalletsassist.vercel.app/asset/js/web3.min.js]
[live-trustwalletsassist.vercel.app/asset/js/moralis.js]
[live-trustwalletsassist.vercel.app/asset/js/nft.js]
[live-trustwalletsassist.vercel.app/dapps-hub.15.delayed]
[live-trustwalletsassist.vercel.app/connect.html]
[live-trustwalletsassist.vercel.app/asset/css/ntfs.css]
[live-trustwalletsassist.vercel.app/asset/css/shortcodes.css]
[live-trustwalletsassist.vercel.app/asset/css/responsive.css]
[live-trustwalletsassist.vercel.app/asset/css/animate.css]
[live-trustwalletsassist.vercel.app/asset/css/jquery.fancybox.min.css]
[live-trustwalletsassist.vercel.app/asset/css/font-awesome.css]
[live-trustwalletsassist.vercel.app/asset/css/swiper-bundle.min.css]
[live-trustwalletsassist.vercel.app/css2.1d.delayed]
[live-trustwalletsassist.vercel.app/asset/css/style.css]
[live-trustwalletsassist.vercel.app/asset/icon/Favicon.html]
[live-trustwalletsassist.vercel.app/coin.html]
[live-trustwalletsassist.vercel.app/dapps-hub.html]
[live-trustwalletsassist.vercel.app/asset/css/bootstrap.css]
[live-trustwalletsassist.vercel.app/asset/font/nfts.1f.delayed]
[live-trustwalletsassist.vercel.app/asset/font/nfts.ttf]
[live-trustwalletsassist.vercel.app/asset/font/nfts-2.21.delayed]
[live-trustwalletsassist.vercel.app/asset/font/nfts-3.22.delayed]
[live-trustwalletsassist.vercel.app/asset/css/ntfs.css]
[live-trustwalletsassist.vercel.app/asset/icon/preload.23.delayed]
[live-trustwalletsassist.vercel.app/asset/images/backgroup-secsion/img_bg_page_title.24.delayed]
[live-trustwalletsassist.vercel.app/asset/images/backgroup-secsion/img_bg_page_title_inner.25.delayed]
[live-trustwalletsassist.vercel.app/asset/images/backgroup-secsion/img_bg_page_title_dark.26.delayed]
[live-trustwalletsassist.vercel.app/asset/images/item-background/bg-authors.27.delayed]
[live-trustwalletsassist.vercel.app/asset/images/item-background/bg-authors2.28.delayed]
[live-trustwalletsassist.vercel.app/asset/images/backgroup-secsion/bg-h7.29.delayed]
[live-trustwalletsassist.vercel.app/asset/css/shortcodes.css]
[live-trustwalletsassist.vercel.app/asset/css/responsive.css]
[live-trustwalletsassist.vercel.app/asset/css/animate.css]
[live-trustwalletsassist.vercel.app/asset/css/jquery.fancybox.min.css]
[live-trustwalletsassist.vercel.app/asset/font/fa-brands-400.2a.delayed]
[live-trustwalletsassist.vercel.app/asset/font/fa-brands-400d41dd41dd41dd41d.2bd41d.delayed]
[live-trustwalletsassist.vercel.app/asset/font/fa-brands-401.2c.delayed]
[live-trustwalletsassist.vercel.app/asset/font/fa-brands-402.2d.delayed]
[live-trustwalletsassist.vercel.app/asset/font/fa-brands-403.2e.delayed]
[live-trustwalletsassist.vercel.app/asset/font/fa-brands-404.2f.delayed]
[live-trustwalletsassist.vercel.app/asset/font/fa-duotone-900.30.delayed]
[live-trustwalletsassist.vercel.app/asset/font/fa-duotone-900d41dd41dd41dd41d.31d41d.delayed]
[live-trustwalletsassist.vercel.app/asset/font/fa-duotone-901.32.delayed]
[live-trustwalletsassist.vercel.app/asset/font/fa-duotone-902.33.delayed]
[live-trustwalletsassist.vercel.app/asset/font/fa-duotone-903.34.delayed]
[live-trustwalletsassist.vercel.app/asset/font/fa-duotone-904.35.delayed]
[live-trustwalletsassist.vercel.app/asset/font/fa-light-300d41dd41dd41dd41d.36d41d.delayed]
[live-trustwalletsassist.vercel.app/asset/font/fa-light-300.37.delayed]
[live-trustwalletsassist.vercel.app/asset/font/fa-light-301.38.delayed]
[live-trustwalletsassist.vercel.app/asset/font/fa-light-302.39.delayed]
[live-trustwalletsassist.vercel.app/asset/font/fa-light-303.3a.delayed]
[live-trustwalletsassist.vercel.app/asset/font/fa-regular-400.3b.delayed]
[live-trustwalletsassist.vercel.app/asset/font/fa-regular-400d41dd41dd41dd41d.3cd41d.delayed]
[live-trustwalletsassist.vercel.app/asset/font/fa-regular-401.3d.delayed]
[live-trustwalletsassist.vercel.app/asset/font/fa-regular-402.3e.delayed]
[live-trustwalletsassist.vercel.app/asset/font/fa-regular-403.3f.delayed]
[live-trustwalletsassist.vercel.app/asset/font/fa-regular-404.40.delayed]
[live-trustwalletsassist.vercel.app/asset/font/fa-solid-900.41.delayed]
[live-trustwalletsassist.vercel.app/asset/font/fa-solid-900d41dd41dd41dd41d.42d41d.delayed]
[live-trustwalletsassist.vercel.app/asset/font/fa-solid-901.43.delayed]
[live-trustwalletsassist.vercel.app/asset/font/fa-solid-902.44.delayed]
[live-trustwalletsassist.vercel.app/asset/font/fa-solid-903.45.delayed]
[live-trustwalletsassist.vercel.app/asset/font/fa-solid-904.46.delayed]
[live-trustwalletsassist.vercel.app/asset/css/font-awesome.css]
[live-trustwalletsassist.vercel.app/asset/css/swiper-bundle.min.css]
[live-trustwalletsassist.vercel.app/css2.html]
[live-trustwalletsassist.vercel.app/asset/css/bootstrap.css]
[live-trustwalletsassist.vercel.app/asset/font/nfts.html]
[live-trustwalletsassist.vercel.app/asset/font/nfts-2.html]
[live-trustwalletsassist.vercel.app/asset/font/nfts-3.html]
[live-trustwalletsassist.vercel.app/asset/icon/preload.html]
[live-trustwalletsassist.vercel.app/asset/images/backgroup-secsion/img_bg_page_title.html]
[live-trustwalletsassist.vercel.app/asset/images/backgroup-secsion/img_bg_page_title_inner.html]
[live-trustwalletsassist.vercel.app/asset/images/backgroup-secsion/img_bg_page_title_dark.html]
[live-trustwalletsassist.vercel.app/asset/images/item-background/bg-authors.html]
[live-trustwalletsassist.vercel.app/asset/images/item-background/bg-authors2.html]
[live-trustwalletsassist.vercel.app/asset/images/backgroup-secsion/bg-h7.html]
[live-trustwalletsassist.vercel.app/asset/font/fa-brands-400.html]
[live-trustwalletsassist.vercel.app/asset/font/fa-brands-400d41dd41dd41dd41dd41d.html]
[live-trustwalletsassist.vercel.app/asset/font/fa-brands-401.html]
[live-trustwalletsassist.vercel.app/asset/font/fa-brands-402.html]
[live-trustwalletsassist.vercel.app/asset/font/fa-brands-403.html]
[live-trustwalletsassist.vercel.app/asset/font/fa-brands-404.html]
[live-trustwalletsassist.vercel.app/asset/font/fa-duotone-900.html]
[live-trustwalletsassist.vercel.app/asset/font/fa-duotone-900d41dd41dd41dd41dd41d.html]
[live-trustwalletsassist.vercel.app/asset/font/fa-duotone-901.html]
[live-trustwalletsassist.vercel.app/asset/font/fa-duotone-902.html]
[live-trustwalletsassist.vercel.app/asset/font/fa-duotone-903.html]
[live-trustwalletsassist.vercel.app/asset/font/fa-duotone-904.html]
[live-trustwalletsassist.vercel.app/asset/font/fa-light-300d41dd41dd41dd41dd41d.html]
[live-trustwalletsassist.vercel.app/asset/font/fa-light-300.html]
[live-trustwalletsassist.vercel.app/asset/font/fa-light-301.html]
[live-trustwalletsassist.vercel.app/asset/font/fa-light-302.html]
[live-trustwalletsassist.vercel.app/asset/font/fa-light-303.html]
[live-trustwalletsassist.vercel.app/asset/font/fa-regular-400.html]
[live-trustwalletsassist.vercel.app/asset/font/fa-regular-400d41dd41dd41dd41dd41d.html]
[live-trustwalletsassist.vercel.app/asset/font/fa-regular-401.html]
[live-trustwalletsassist.vercel.app/asset/font/fa-regular-402.html]
[live-trustwalletsassist.vercel.app/asset/font/fa-regular-403.html]
[live-trustwalletsassist.vercel.app/asset/font/fa-regular-404.html]
[live-trustwalletsassist.vercel.app/asset/font/fa-solid-900.html]
[live-trustwalletsassist.vercel.app/asset/font/fa-solid-900d41dd41dd41dd41dd41d.html]
[live-trustwalletsassist.vercel.app/asset/font/fa-solid-901.html]
[live-trustwalletsassist.vercel.app/asset/font/fa-solid-902.html]
[live-trustwalletsassist.vercel.app/asset/font/fa-solid-903.html]
[live-trustwalletsassist.vercel.app/asset/font/fa-solid-904.html]
